{"severity":"error","code":"M0-UNSUPPORTED","message":"Texp_for is not supported in the current ZxCaml subset; expected top-level `let` declarations, integer constants, identifiers, string constants, one-argument functions, non-recursive nested `let` expressions, or the whitelisted constructors None/Some/Ok/Error/[]/::, including basic pattern matches over those values","node_kind":"Texp_for","loc":{"file":"tests/ui/for_loop.ml","line":1,"col":19,"end_line":1,"end_col":45}}
