error[E0013]: this `ref` element type is not part of the ZxCaml subset (R10)
 --> tests/ui/ref_record.ml:3:10
  |
3 |   let r = ref { x = 1; y = 2 } in
  |          ^^^^^^^^^^^^^^^^^^^^
  = help: R10 accepts `let r = ref 0 in r := !r + 1; !r` when the element type is `int` or `bool`. For other element types, thread state explicitly or use a recursive `let rec` over an accumulator.
