error[DX2-NOALLOC]: no_alloc failure in function `entrypoint`: ref cell allocation is not allowed in a no_alloc context
 --> tests/ui/ref_no_alloc.ml:2:10
  |
2 |   let r = ref 10 in
  |          ^^^^^^
  = help: The arena budget without --no-alloc is 32 KiB on native and 3 KiB on BPF; see docs/04-memory-model.md.
